PyTorch threads: 6
Interop threads: 1
Preparing data with prepare_data.py ...
{
  "raw_source_sizes": {
    "Easy.txt": 9274,
    "Medium.txt": 7,
    "Hard.txt": 7,
    "input.txt": 0,
    "jarvis_mix_train.txt": 3510,
    "jarvis_refine_train.txt": 524,
    "web_wikidata_qa.txt": 7772
  },
  "synthetic_rows_added": 348,
  "rows_before_dedupe": 21442,
  "rows_after_dedupe": 17034,
  "rows_after_diversity_caps": 16533,
  "rows_after_source_caps": 10489,
  "train_rows_written": 9966,
  "val_rows_written": 523,
  "train_source_counts": {
    "Easy.txt": 6175,
    "Hard.txt": 6,
    "Medium.txt": 6,
    "jarvis_chat": 32,
    "jarvis_debug": 44,
    "jarvis_mix_train.txt": 1159,
    "jarvis_refine_train.txt": 50,
    "jarvis_safety": 3,
    "jarvis_seed": 51,
    "jarvis_tools": 65,
    "web_wikidata_qa.txt": 2375
  },
  "val_source_counts": {
    "Easy.txt": 325,
    "Hard.txt": 1,
    "Medium.txt": 1,
    "jarvis_chat": 1,
    "jarvis_debug": 2,
    "jarvis_mix_train.txt": 61,
    "jarvis_refine_train.txt": 2,
    "jarvis_seed": 2,
    "jarvis_tools": 3,
    "web_wikidata_qa.txt": 125
  },
  "top_duplicate_assistants_before_caps": [
    {
      "count": 64,
      "assistant_preview": "you did. this local jarvis model was built and trained in your project on your laptop."
    },
    {
      "count": 62,
      "assistant_preview": "i was made to be your practical offline assistant for coding, learning, and everyday tasks."
    },
    {
      "count": 37,
      "assistant_preview": "print tensor shapes before the failing operation and align dimensions explicitly. fix one tensor transformation at a time so you can see which change solves it."
    },
    {
      "count": 35,
      "assistant_preview": "activate the right environment and install the missing package in that same environment. run `python -c \"import <module>\"` to confirm before rerunning your scri"
    },
    {
      "count": 33,
      "assistant_preview": "match model config and tokenizer vocab size with checkpoint metadata. if config changed, train a new checkpoint path instead of forcing incompatible weights."
    },
    {
      "count": 32,
      "assistant_preview": "wrap paths in quotes and avoid mixed slash styles. use full paths first, then shorten after the command is stable."
    },
    {
      "count": 32,
      "assistant_preview": "lower eval frequency, keep batch size small, and avoid heavy logic inside data loading. stabilize thread settings and benchmark one change at a time."
    },
    {
      "count": 30,
      "assistant_preview": "afghanistan: country in central and south asia."
    },
    {
      "count": 29,
      "assistant_preview": "open conflicted files, keep the correct sections, then run tests before committing. resolve one file fully before moving to the next to avoid partial conflicts."
    },
    {
      "count": 29,
      "assistant_preview": "pin dependency versions and match python and os versions with ci. print env vars and rerun locally using the exact ci command."
    },
    {
      "count": 25,
      "assistant_preview": "paste the full traceback, highlight the failing line, and share the exact command you ran. then compare expected versus actual output before changing code."
    },
    {
      "count": 24,
      "assistant_preview": "singapore is sovereign island country and city-state in maritime southeast asia. it is associated with singapore. notable date: 1965-08-09."
    }
  ],
  "output_files": {
    "train": "data\\jarvis_train.txt",
    "val": "data\\jarvis_val.txt",
    "eval_prompts": "data\\jarvis_eval_prompts.txt"
  }
}
Vocab size: 2048
Fresh model_config: {'n_embd': 192, 'n_head': 6, 'n_layer': 6, 'block_size': 256, 'dropout': 0.1}
Loaded jarvis_train.txt: tokens=934799 windows=934543
Loaded jarvis_val.txt: tokens=48480 windows=48224
Fresh start
TRAINING STARTED | from 0 to 99999 | warmup=200
Step       0 | train 7.7843 | ema 7.7843 | val 7.8030 | lr 0.000000
New best checkpoint saved to Models\cpu_gpt_jarvis_cpu_long_best.pth
Step     100 | train 7.6154 | ema 7.6674 | val 7.5919 | lr 0.000015
New best checkpoint saved to Models\cpu_gpt_jarvis_cpu_long_best.pth
Step     200 | train 7.0262 | ema 7.1535 | val 7.0328 | lr 0.000030
New best checkpoint saved to Models\cpu_gpt_jarvis_cpu_long_best.pth
Step     300 | train 6.6430 | ema 6.7445 | val 6.5949 | lr 0.000030
New best checkpoint saved to Models\cpu_gpt_jarvis_cpu_long_best.pth
Step     400 | train 6.4195 | ema 6.4845 | val 6.4521 | lr 0.000030
New best checkpoint saved to Models\cpu_gpt_jarvis_cpu_long_best.pth
