[2026-02-14T10:47:56] Follow-up watcher started
[2026-02-14T10:47:56] Stage-1 still running
[2026-02-14T10:48:26] Stage-1 still running
[2026-02-14T10:48:56] Stage-1 still running
[2026-02-14T10:49:26] Stage-1 still running
[2026-02-14T10:49:56] Stage-1 still running
[2026-02-14T10:50:27] Stage-1 still running
[2026-02-14T10:50:57] Stage-1 still running
[2026-02-14T10:51:27] Stage-1 still running
[2026-02-14T10:51:57] Stage-1 still running
[2026-02-14T10:52:27] Stage-1 still running
[2026-02-14T10:52:57] Stage-1 still running
[2026-02-14T10:53:27] Stage-1 still running
[2026-02-14T10:53:57] Stage-1 still running
[2026-02-14T10:54:28] Stage-1 still running
[2026-02-14T10:54:58] Stage-1 still running
[2026-02-14T10:55:28] Stage-1 still running
[2026-02-14T10:55:58] Stage-1 still running
[2026-02-14T10:56:28] Stage-1 still running
[2026-02-14T10:56:58] Stage-1 still running
[2026-02-14T10:57:28] Stage-1 still running
[2026-02-14T10:57:58] Stage-1 still running
[2026-02-14T10:58:28] Stage-1 still running
[2026-02-14T10:58:59] Stage-1 still running
[2026-02-14T10:59:29] Stage-1 still running
[2026-02-14T10:59:59] Stage-1 still running
[2026-02-14T11:00:29] Stage-1 still running
[2026-02-14T11:00:59] Stage-1 still running
[2026-02-14T11:01:29] Stage-1 still running
[2026-02-14T11:01:59] Stage-1 still running
[2026-02-14T11:02:29] Stage-1 still running
[2026-02-14T11:02:59] Stage-1 still running
[2026-02-14T11:03:29] Stage-1 still running
[2026-02-14T11:04:00] Stage-1 still running
[2026-02-14T11:04:30] Stage-1 still running
[2026-02-14T11:05:00] Stage-1 still running
[2026-02-14T11:05:30] Stage-1 still running
[2026-02-14T11:06:00] Stage-1 still running
[2026-02-14T11:06:30] Stage-1 still running
[2026-02-14T11:07:00] Stage-1 still running
[2026-02-14T11:07:30] Stage-1 still running
[2026-02-14T11:08:00] Stage-1 still running
[2026-02-14T11:08:31] Stage-1 still running
[2026-02-14T11:09:01] Stage-1 still running
[2026-02-14T11:09:31] Stage-1 still running
[2026-02-14T11:10:01] Stage-1 still running
[2026-02-14T11:10:31] Stage-1 still running
[2026-02-14T11:11:01] Stage-1 still running
[2026-02-14T11:11:31] Stage-1 still running
[2026-02-14T11:12:01] Stage-1 still running
[2026-02-14T11:12:31] Stage-1 still running
[2026-02-14T11:13:02] Stage-1 still running
[2026-02-14T11:13:32] Stage-1 still running
[2026-02-14T11:14:02] Stage-1 still running
[2026-02-14T11:14:32] Stage-1 still running
[2026-02-14T11:15:02] Stage-1 still running
[2026-02-14T11:15:32] Stage-1 still running
[2026-02-14T11:16:02] Stage-1 still running
[2026-02-14T11:16:32] Stage-1 still running
[2026-02-14T11:17:02] Stage-1 still running
[2026-02-14T11:17:33] Stage-1 still running
[2026-02-14T11:18:03] Stage-1 still running
[2026-02-14T11:18:33] Stage-1 still running
[2026-02-14T11:19:03] Stage-1 still running
[2026-02-14T11:19:33] Stage-1 still running
[2026-02-14T11:20:03] Stage-1 still running
[2026-02-14T11:20:33] Stage-1 still running
[2026-02-14T11:21:03] Stage-1 still running
[2026-02-14T11:21:33] Stage-1 still running
[2026-02-14T11:22:04] Stage-1 still running
[2026-02-14T11:22:34] Stage-1 still running
[2026-02-14T11:23:04] Stage-1 still running
[2026-02-14T11:23:34] Stage-1 still running
[2026-02-14T11:24:04] Stage-1 complete. Starting Stage-2 refine.
[2026-02-14T11:52:37] Stage-2 complete. Running smoke chat eval.
[2026-02-14T11:52:54] Smoke eval complete. Running batch eval on val prompts.
[2026-02-14T11:53:50] Follow-up pipeline complete.
